// Jest Snapshot v1, https://goo.gl/fbAQLP

exports[`<Text /> renders h1 1`] = `
<div>
  <h1
    class=""
  >
    Sample text
  </h1>
</div>
`;
