// Jest Snapshot v1, https://goo.gl/fbAQLP

exports[`<HomeScreen /> renders the page 1`] = `
<div>
  <main>
    <h1
      class=""
    >
      Home
    </h1>
    <p
      class=""
    >
      Importando modulo local @alura/utils/math/sum sum(2,2): 
      4
    </p>
  </main>
</div>
`;
